Ignac@LAPTOP-NT2AQ3E5 MINGW64 ~/Documents/PROGRAMACION/claseipython1/Tarea4             $ git config --global user.name "Ignecio"                                               (base)                                                                 
Ignac@LAPTOP-NT2AQ3E5 MINGW64 ~/Documents/PROGRAMACION/claseipython1/Tarea4             $ git config --global user.email "ignacio.pki@gmail.com"                                (base)                                                                  
Ignac@LAPTOP-NT2AQ3E5 MINGW64 ~/Documents/PROGRAMACION/claseipython1/Tarea4             $ git init                                                                         Initialized empty Git repository in C:/Users/Ignac/Documents/PROGRAMACION/claseipython1/Tarea4/.git/                                                                            (base) 
Ignac@LAPTOP-NT2AQ3E5 MINGW64 ~/Documents/PROGRAMACION/claseipython1/Tarea4 (master)    
$ git remote add origin https://github.com/Ignecio/Tarea4.git                           (base)   
Ignac@LAPTOP-NT2AQ3E5 MINGW64 ~/Documents/PROGRAMACION/claseipython1/Tarea4 (master)   
 $ git add aritmetica.py                                                                 warning: LF will be replaced by CRLF in aritmetica.py.                                  The file will have its original line endings in your working directory                  (base)                                                             
 Ignac@LAPTOP-NT2AQ3E5 MINGW64 ~/Documents/PROGRAMACION/claseipython1/Tarea4 (master)   
 $ git commit -m aritmetica.py                                                           [master (root-commit) 97f0a0d] aritmetica.py                                             1 file changed, 9 insertions(+)                                                         create mode 100644 aritmetica.py                                                       (base)                                                        
 Ignac@LAPTOP-NT2AQ3E5 MINGW64 ~/Documents/PROGRAMACION/claseipython1/Tarea4 (master)   
 $ git log                                                                               commit 97f0a0d52c262110d0f12411f94694ccf1b7bd8b (HEAD -> master)                        Author: Ignecio <ignacio.pki@gmail.com>                                                 Date:   Mon Sep 7 02:38:51 2020 -0300                                                                                                                                               aritmetica.py                                                                       (base)  
Ignac@LAPTOP-NT2AQ3E5 MINGW64 ~/Documents/PROGRAMACION/claseipython1/Tarea4 (master)   
 $ git status                                                                            On branch master                                                                        nothing to commit, working tree clean                                                   (base) 
Ignac@LAPTOP-NT2AQ3E5 MINGW64 ~/Documents/PROGRAMACION/claseipython1/Tarea4 (master)   
 $ git push -u origin master                                                             Enumerating objects: 3, done.                                                           Counting objects: 100% (3/3), done.                                                     Delta compression using up to 8 threads                                                 Compressing objects: 100% (2/2), done.                                                  Writing objects: 100% (3/3), 372 bytes | 372.00 KiB/s, done.                            Total 3 (delta 0), reused 0 (delta 0), pack-reused 0                                    To https://github.com/Ignecio/Tarea4.git                                                 * [new branch]      master -> master                                                   Branch 'master' set up to track remote branch 'master' from 'origin'.              
     (base) 

Ignac@LAPTOP-NT2AQ3E5 MINGW64 ~/Documents/PROGRAMACION/claseipython1/Tarea4 (master)                
   $ git add diccionario.py                                                                               warning: LF will be replaced by CRLF in diccionario.py.                                                The file will have its original line endings in your working directory                                 (base) 
Ignac@LAPTOP-NT2AQ3E5 MINGW64 ~/Documents/PROGRAMACION/claseipython1/Tarea4 (master)                  
 $ git commit -m diccionario.py                                                                         [master 9f8902a] diccionario.py                                                                         1 file changed, 8 insertions(+)                                                                        create mode 100644 diccionario.py                                                                     (base)                            
Ignac@LAPTOP-NT2AQ3E5 MINGW64 ~/Documents/PROGRAMACION/claseipython1/Tarea4 (master)               
    $ git log                                                                                              commit 9f8902aa6287d3f7e806afa77103b1980ec7db1d (HEAD -> master)                                       Author: Ignecio <ignacio.pki@gmail.com>                                                                Date:   Mon Sep 7 03:57:47 2020 -0300                                                                                                                                                                             diccionario.py                                                                                                                                                                                            commit 97f0a0d52c262110d0f12411f94694ccf1b7bd8b (origin/master)                                        Author: Ignecio <ignacio.pki@gmail.com>                                                                Date:   Mon Sep 7 02:38:51 2020 -0300                                                                                                                                                                             aritmetica.py                                                                                      (base)      
Ignac@LAPTOP-NT2AQ3E5 MINGW64 ~/Documents/PROGRAMACION/claseipython1/Tarea4 (master)                   $ git add diccionario.py                                                                               warning: LF will be replaced by CRLF in diccionario.py.                                                The file will have its original line endings in your working directory                                 (base) 
Ignac@LAPTOP-NT2AQ3E5 MINGW64 ~/Documents/PROGRAMACION/claseipython1/Tarea4 (master)                   $ git commit -m diccionario.py                                                                         [master cb327e9] diccionario.py                                                                         1 file changed, 5 insertions(+), 1 deletion(-)                                                        (base)                                                                                                 Ignac@LAPTOP-NT2AQ3E5 MINGW64 ~/Documents/PROGRAMACION/claseipython1/Tarea4 (master)                   $ git log                                                                                              commit cb327e95ee2c2ef65430f744f5ba752654075c0f (HEAD -> master)                                       Author: Ignecio <ignacio.pki@gmail.com>                                                                Date:   Mon Sep 7 04:15:32 2020 -0300                                                                                                                                                                             diccionario.py                                                                                                                                                                                            commit 9f8902aa6287d3f7e806afa77103b1980ec7db1d                                                        Author: Ignecio <ignacio.pki@gmail.com>                                                                Date:   Mon Sep 7 03:57:47 2020 -0300                                                                                                                                                                             diccionario.py                                                                                                                                                                                            commit 97f0a0d52c262110d0f12411f94694ccf1b7bd8b (origin/master)                                        Author: Ignecio <ignacio.pki@gmail.com>                                                                Date:   Mon Sep 7 02:38:51 2020 -0300                                                                                                                                                                             aritmetica.py                                                                                      (base) 
Ignac@LAPTOP-NT2AQ3E5 MINGW64 ~/Documents/PROGRAMACION/claseipython1/Tarea4 (master)                   $ git push -u origin master                                                                            Enumerating objects: 7, done.                                                                          Counting objects: 100% (7/7), done.                                                                    Delta compression using up to 8 threads                                                                Compressing objects: 100% (6/6), done.                                                                 Writing objects: 100% (6/6), 843 bytes | 843.00 KiB/s, done.                                           Total 6 (delta 1), reused 0 (delta 0), pack-reused 0                                                   remote: Resolving deltas: 100% (1/1), done.                                                            To https://github.com/Ignecio/Tarea4.git                                                                  97f0a0d..cb327e9  master -> master                                                                  Branch 'master' set up to track remote branch 'master' from 'origin'.                                  (base)                                  
Ignac@LAPTOP-NT2AQ3E5 MINGW64 ~/Documents/PROGRAMACION/claseipython1/Tarea4 (master)                   $ git add Tarea4.txt                                                                                   (base)                                                   
Ignac@LAPTOP-NT2AQ3E5 MINGW64 ~/Documents/PROGRAMACION/claseipython1/Tarea4 (master)                   $ git commit -m Tarea4.txt                                                                             [master ef17b84] Tarea4.txt                                                                             1 file changed, 24 insertions(+)                                                                       create mode 100644 Tarea4.txt                                                                         (base)    
Ignac@LAPTOP-NT2AQ3E5 MINGW64 ~/Documents/PROGRAMACION/claseipython1/Tarea4 (master)                   $ git log                                                                                              commit ef17b84d7b47e960abb8b181ab9a8be3370d2317 (HEAD -> master)                                       Author: Ignecio <ignacio.pki@gmail.com>                                                                Date:   Mon Sep 7 04:18:52 2020 -0300                                                                                                                                                                             Tarea4.txt                                                                                                                                                                                                commit cb327e95ee2c2ef65430f744f5ba752654075c0f (origin/master)                                        Author: Ignecio <ignacio.pki@gmail.com>                                                                Date:   Mon Sep 7 04:15:32 2020 -0300                                                                                                                                                                             diccionario.py                                                                                                                                                                                            commit 9f8902aa6287d3f7e806afa77103b1980ec7db1d                                                        Author: Ignecio <ignacio.pki@gmail.com>                                                                Date:   Mon Sep 7 03:57:47 2020 -0300                                                                                                                                                                             diccionario.py                                                                                                                                                                                            commit 97f0a0d52c262110d0f12411f94694ccf1b7bd8b                                                        Author: Ignecio <ignacio.pki@gmail.com>                                                                Date:   Mon Sep 7 02:38:51 2020 -0300                                                                                                                                                                             aritmetica.py                                                                                      (base)            
Ignac@LAPTOP-NT2AQ3E5 MINGW64 ~/Documents/PROGRAMACION/claseipython1/Tarea4 (master)                   $ git push -u origin master                                                                            Enumerating objects: 4, done.                                                                          Counting objects: 100% (4/4), done.                                                                    Delta compression using up to 8 threads                                                                Compressing objects: 100% (3/3), done.                                                                 Writing objects: 100% (3/3), 1.27 KiB | 1.27 MiB/s, done.                                              Total 3 (delta 0), reused 0 (delta 0), pack-reused 0                                                   To https://github.com/Ignecio/Tarea4.git                                                                  cb327e9..ef17b84  master -> master                                                                  Branch 'master' set up to track remote branch 'master' from 'origin'.                                  (base)